.\apache-maven-3.9.6\bin\mv
n.cmd : WARNING: A 
restricted method in 
java.lang.System has been 
called
At line:1 char:1
+ .\apache-maven-3.9.6\bin\
mvn.cmd clean package 2>&1 
| Out-File -FileP ...
+ ~~~~~~~~~~~~~~~~~~~~~~~~~
~~~~~~~~~~~~~~~~~~~~~~~~~~
    + CategoryInfo         
     : NotSpecified: (WAR  
  NING: A rest...has bee   
 n called:String) [], R    
emoteException
    + FullyQualifiedErrorI 
   d : NativeCommandError
 
WARNING: 
java.lang.System::load has 
been called by org.fusesour
ce.jansi.internal.JansiLoad
er in an unnamed module (fi
le:/C:/javaa/java%20coursew
ork/apache-maven-3.9.6/lib/
jansi-2.4.0.jar)
WARNING: Use --enable-nativ
e-access=ALL-UNNAMED to 
avoid a warning for 
callers in this module
WARNING: Restricted 
methods will be blocked in 
a future release unless 
native access is enabled

WARNING: A terminally 
deprecated method in 
sun.misc.Unsafe has been 
called
WARNING: sun.misc.Unsafe::o
bjectFieldOffset has been 
called by com.google.common
.util.concurrent.AbstractFu
ture$UnsafeAtomicHelper (fi
le:/C:/javaa/java%20coursew
ork/apache-maven-3.9.6/lib/
guava-32.0.1-jre.jar)
WARNING: Please consider 
reporting this to the 
maintainers of class com.go
ogle.common.util.concurrent
.AbstractFuture$UnsafeAtomi
cHelper
WARNING: sun.misc.Unsafe::o
bjectFieldOffset will be 
removed in a future release
[INFO] Scanning for projects...
[INFO] 
[INFO] ------------------------< com.snbms:snbms-web >-------------------------
[INFO] Building snbms-web 1.0-SNAPSHOT
[INFO]   from pom.xml
[INFO] --------------------------------[ war ]---------------------------------
[INFO] 
[INFO] --- clean:3.2.0:clean (default-clean) @ snbms-web ---
[INFO] Deleting C:\javaa\java coursework\target
[INFO] 
[INFO] --- resources:3.3.1:resources (default-resources) @ snbms-web ---
[INFO] skip non existing resourceDirectory C:\javaa\java coursework\src\main\resources
[INFO] 
[INFO] --- compiler:3.11.0:compile (default-compile) @ snbms-web ---
[INFO] Changes detected - recompiling the module! :source
[INFO] Compiling 34 source files with javac [debug target 11] to target\classes
[WARNING] location of system modules is not set in conjunction with -source 11
  not setting the location of system modules may lead to class files that cannot run on JDK 11
    --release 11 is recommended instead of -source 11 -target 11 because it sets the location of system modules automatically
[INFO] 
[INFO] --- resources:3.3.1:testResources (default-testResources) @ snbms-web ---
[INFO] skip non existing resourceDirectory C:\javaa\java coursework\src\test\resources
[INFO] 
[INFO] --- compiler:3.11.0:testCompile (default-testCompile) @ snbms-web ---
[INFO] No sources to compile
[INFO] 
[INFO] --- surefire:3.2.2:test (default-test) @ snbms-web ---
[INFO] No tests to run.
[INFO] 
[INFO] --- war:3.3.2:war (default-war) @ snbms-web ---
[INFO] Packaging webapp
[INFO] Assembling webapp [snbms-web] in [C:\javaa\java coursework\target\snbms]
[INFO] Processing war project
[INFO] Copying webapp resources [C:\javaa\java coursework\src\main\webapp]
[INFO] Building war: C:\javaa\java coursework\target\snbms.war
[INFO] ------------------------------------------------------------------------
[INFO] BUILD SUCCESS
[INFO] ------------------------------------------------------------------------
[INFO] Total time:  2.983 s
[INFO] Finished at: 2026-04-07T09:00:12+05:45
[INFO] ------------------------------------------------------------------------
