WARNING: A restricted method in java.lang.System has been called
WARNING: java.lang.System::load has been called by org.fusesource.jansi.internal.JansiLoader in an unnamed module (file:/C:/javaa/java%20coursework/apache-maven-3.9.6/lib/jansi-2.4.0.jar)
WARNING: Use --enable-native-access=ALL-UNNAMED to avoid a warning for callers in this module
WARNING: Restricted methods will be blocked in a future release unless native access is enabled

WARNING: A terminally deprecated method in sun.misc.Unsafe has been called
WARNING: sun.misc.Unsafe::objectFieldOffset has been called by com.google.common.util.concurrent.AbstractFuture$UnsafeAtomicHelper (file:/C:/javaa/java%20coursework/apache-maven-3.9.6/lib/guava-32.0.1-jre.jar)
WARNING: Please consider reporting this to the maintainers of class com.google.common.util.concurrent.AbstractFuture$UnsafeAtomicHelper
WARNING: sun.misc.Unsafe::objectFieldOffset will be removed in a future release
[INFO] Scanning for projects...
[INFO] 
[INFO] ------------------------< com.snbms:snbms-web >-------------------------
[INFO] Building snbms-web 1.0-SNAPSHOT
[INFO]   from pom.xml
[INFO] --------------------------------[ war ]---------------------------------
[INFO] 
[INFO] --- clean:3.2.0:clean (default-clean) @ snbms-web ---
[INFO] Deleting C:\javaa\java coursework\target
[INFO] 
[INFO] --- resources:3.3.1:resources (default-resources) @ snbms-web ---
[INFO] skip non existing resourceDirectory C:\javaa\java coursework\src\main\resources
[INFO] 
[INFO] --- compiler:3.11.0:compile (default-compile) @ snbms-web ---
[INFO] Changes detected - recompiling the module! :source
[INFO] Compiling 34 source files with javac [debug target 11] to target\classes
[WARNING] location of system modules is not set in conjunction with -source 11
  not setting the location of system modules may lead to class files that cannot run on JDK 11
    --release 11 is recommended instead of -source 11 -target 11 because it sets the location of system modules automatically
[INFO] ------------------------------------------------------------------------
[INFO] BUILD SUCCESS
[INFO] ------------------------------------------------------------------------
[INFO] Total time:  1.554 s
[INFO] Finished at: 2026-04-03T13:39:05+05:45
[INFO] ------------------------------------------------------------------------
