WARNING: A restricted method in java.lang.System has been called
WARNING: java.lang.System::load has been called by org.fusesource.jansi.internal.JansiLoader in an unnamed module (file:/C:/javaa/java%20coursework/apache-maven-3.9.6/lib/jansi-2.4.0.jar)
WARNING: Use --enable-native-access=ALL-UNNAMED to avoid a warning for callers in this module
WARNING: Restricted methods will be blocked in a future release unless native access is enabled

WARNING: A terminally deprecated method in sun.misc.Unsafe has been called
WARNING: sun.misc.Unsafe::objectFieldOffset has been called by com.google.common.util.concurrent.AbstractFuture$UnsafeAtomicHelper (file:/C:/javaa/java%20coursework/apache-maven-3.9.6/lib/guava-32.0.1-jre.jar)
WARNING: Please consider reporting this to the maintainers of class com.google.common.util.concurrent.AbstractFuture$UnsafeAtomicHelper
WARNING: sun.misc.Unsafe::objectFieldOffset will be removed in a future release
[INFO] Scanning for projects...
[INFO] 
[INFO] ------------------------< com.snbms:snbms-web >-------------------------
[INFO] Building snbms-web 1.0-SNAPSHOT
[INFO]   from pom.xml
[INFO] --------------------------------[ war ]---------------------------------
[INFO] 
[INFO] --- clean:3.2.0:clean (default-clean) @ snbms-web ---
[INFO] Deleting C:\javaa\java coursework\target
[INFO] 
[INFO] --- resources:3.3.1:resources (default-resources) @ snbms-web ---
[INFO] skip non existing resourceDirectory C:\javaa\java coursework\src\main\resources
[INFO] 
[INFO] --- compiler:3.11.0:compile (default-compile) @ snbms-web ---
[INFO] Changes detected - recompiling the module! :source
[INFO] Compiling 34 source files with javac [debug target 11] to target\classes
[WARNING] location of system modules is not set in conjunction with -source 11
  not setting the location of system modules may lead to class files that cannot run on JDK 11
    --release 11 is recommended instead of -source 11 -target 11 because it sets the location of system modules automatically
[INFO] 
[INFO] --- resources:3.3.1:testResources (default-testResources) @ snbms-web ---
[INFO] skip non existing resourceDirectory C:\javaa\java coursework\src\test\resources
[INFO] 
[INFO] --- compiler:3.11.0:testCompile (default-testCompile) @ snbms-web ---
[INFO] No sources to compile
[INFO] 
[INFO] --- surefire:3.2.2:test (default-test) @ snbms-web ---
[INFO] No tests to run.
[INFO] 
[INFO] --- war:3.3.2:war (default-war) @ snbms-web ---
[INFO] Packaging webapp
[INFO] Assembling webapp [snbms-web] in [C:\javaa\java coursework\target\snbms]
[INFO] Processing war project
[INFO] Copying webapp resources [C:\javaa\java coursework\src\main\webapp]
[INFO] Building war: C:\javaa\java coursework\target\snbms.war
[INFO] 
[INFO] --- cargo:1.10.12:run (default-cli) @ snbms-web ---
[INFO] Resolved container artifact org.codehaus.cargo:cargo-core-container-tomcat:jar:1.10.12 for container tomcat10x
[INFO] Tomcat 10.x Embedded starting...
Apr 03, 2026 2:53:39 PM org.apache.coyote.AbstractProtocol init
INFO: Initializing ProtocolHandler ["http-nio-8088"]
Apr 03, 2026 2:53:39 PM org.apache.catalina.core.StandardService startInternal
INFO: Starting service [Tomcat]
Apr 03, 2026 2:53:39 PM org.apache.catalina.core.StandardEngine startInternal
INFO: Starting Servlet engine: [Apache Tomcat/10.1.18]
Apr 03, 2026 2:53:39 PM org.apache.coyote.AbstractProtocol start
INFO: Starting ProtocolHandler ["http-nio-8088"]
Apr 03, 2026 2:53:40 PM org.apache.catalina.core.StandardContext setPath
WARNING: A context path must either be an empty string or start with a '/' and do not end with a '/'. The path [/] does not meet these criteria and has been changed to []
Apr 03, 2026 2:53:40 PM org.apache.catalina.startup.ContextConfig getDefaultWebXmlFragment
INFO: No global web.xml found
Apr 03, 2026 2:53:42 PM org.apache.jasper.servlet.TldScanner scanJars
INFO: At least one JAR was scanned for TLDs yet contained no TLDs. Enable debug logging for this logger for a complete list of JARs that were scanned but no TLDs were found in them. Skipping unneeded JARs during scanning can improve startup time and JSP compilation time.
[INFO] Tomcat 10.x Embedded started on port [8088]
[INFO] Press Ctrl-C to stop the container...
